[INFO] Scanning for projects...
[INFO] 
[INFO] ----------------------< com.internbridge:backend >----------------------
[INFO] Building backend 0.0.1-SNAPSHOT
[INFO]   from pom.xml
[INFO] --------------------------------[ jar ]---------------------------------
[INFO] 
[INFO] --- resources:3.3.1:resources (default-resources) @ backend ---
[INFO] Copying 1 resource from src\main\resources to target\classes
[INFO] Copying 0 resource from src\main\resources to target\classes
[INFO] 
[INFO] --- compiler:3.14.1:compile (default-compile) @ backend ---
[INFO] Recompiling the module because of changed source code.
[INFO] Compiling 102 source files with javac [debug parameters release 21] to target\classes
[INFO] -------------------------------------------------------------
[ERROR] COMPILATION ERROR : 
[INFO] -------------------------------------------------------------
[ERROR] /C:/Users/user/OneDrive/Desktop/InternBridge-Workspace/backend/src/main/java/com/internbridge/backend/entity/Application.java:[38,13] cannot find symbol
  symbol:   class Student
  location: class com.internbridge.backend.entity.Application
[ERROR] /C:/Users/user/OneDrive/Desktop/InternBridge-Workspace/backend/src/main/java/com/internbridge/backend/entity/Application.java:[38,21] cannot find symbol
  symbol:   class Student
  location: class com.internbridge.backend.entity.Application
[ERROR] /C:/Users/user/OneDrive/Desktop/InternBridge-Workspace/backend/src/main/java/com/internbridge/backend/entity/Application.java:[26,1] cannot find symbol
  symbol:   class Student
  location: class com.internbridge.backend.entity.Application
[ERROR] /C:/Users/user/OneDrive/Desktop/InternBridge-Workspace/backend/src/main/java/com/internbridge/backend/entity/Application.java:[28,1] cannot find symbol
  symbol:   class Student
  location: class com.internbridge.backend.entity.Application
[ERROR] /C:/Users/user/OneDrive/Desktop/InternBridge-Workspace/backend/src/main/java/com/internbridge/backend/entity/Application.java:[29,1] cannot find symbol
  symbol:   class Student
  location: class com.internbridge.backend.entity.Application.ApplicationBuilder
[ERROR] /C:/Users/user/OneDrive/Desktop/InternBridge-Workspace/backend/src/main/java/com/internbridge/backend/entity/Internship.java:[38,13] cannot find symbol
  symbol:   class Company
  location: class com.internbridge.backend.entity.Internship
[ERROR] /C:/Users/user/OneDrive/Desktop/InternBridge-Workspace/backend/src/main/java/com/internbridge/backend/entity/Internship.java:[38,21] cannot find symbol
  symbol:   class Company
  location: class com.internbridge.backend.entity.Internship
[ERROR] /C:/Users/user/OneDrive/Desktop/InternBridge-Workspace/backend/src/main/java/com/internbridge/backend/entity/Internship.java:[26,1] cannot find symbol
  symbol:   class Company
  location: class com.internbridge.backend.entity.Internship
[ERROR] /C:/Users/user/OneDrive/Desktop/InternBridge-Workspace/backend/src/main/java/com/internbridge/backend/entity/Internship.java:[28,1] cannot find symbol
  symbol:   class Company
  location: class com.internbridge.backend.entity.Internship
[ERROR] /C:/Users/user/OneDrive/Desktop/InternBridge-Workspace/backend/src/main/java/com/internbridge/backend/entity/Internship.java:[29,1] cannot find symbol
  symbol:   class Company
  location: class com.internbridge.backend.entity.Internship.InternshipBuilder
[ERROR] /C:/Users/user/OneDrive/Desktop/InternBridge-Workspace/backend/src/main/java/com/internbridge/backend/repository/CompanyRepository.java:[3,39] cannot find symbol
  symbol:   class Company
  location: package com.internbridge.backend.entity
[ERROR] /C:/Users/user/OneDrive/Desktop/InternBridge-Workspace/backend/src/main/java/com/internbridge/backend/repository/CompanyRepository.java:[11,58] cannot find symbol
  symbol: class Company
[ERROR] /C:/Users/user/OneDrive/Desktop/InternBridge-Workspace/backend/src/main/java/com/internbridge/backend/repository/CompanyRepository.java:[13,14] cannot find symbol
  symbol:   class Company
  location: interface com.internbridge.backend.repository.CompanyRepository
[ERROR] /C:/Users/user/OneDrive/Desktop/InternBridge-Workspace/backend/src/main/java/com/internbridge/backend/repository/LecturerRepository.java:[3,39] cannot find symbol
  symbol:   class Lecturer
  location: package com.internbridge.backend.entity
[ERROR] /C:/Users/user/OneDrive/Desktop/InternBridge-Workspace/backend/src/main/java/com/internbridge/backend/repository/LecturerRepository.java:[12,59] cannot find symbol
  symbol: class Lecturer
[ERROR] /C:/Users/user/OneDrive/Desktop/InternBridge-Workspace/backend/src/main/java/com/internbridge/backend/repository/LecturerRepository.java:[14,14] cannot find symbol
  symbol:   class Lecturer
  location: interface com.internbridge.backend.repository.LecturerRepository
[ERROR] /C:/Users/user/OneDrive/Desktop/InternBridge-Workspace/backend/src/main/java/com/internbridge/backend/repository/LecturerRepository.java:[16,10] cannot find symbol
  symbol:   class Lecturer
  location: interface com.internbridge.backend.repository.LecturerRepository
[ERROR] /C:/Users/user/OneDrive/Desktop/InternBridge-Workspace/backend/src/main/java/com/internbridge/backend/repository/StudentRepository.java:[3,39] cannot find symbol
  symbol:   class Student
  location: package com.internbridge.backend.entity
[ERROR] /C:/Users/user/OneDrive/Desktop/InternBridge-Workspace/backend/src/main/java/com/internbridge/backend/repository/StudentRepository.java:[12,58] cannot find symbol
  symbol: class Student
[ERROR] /C:/Users/user/OneDrive/Desktop/InternBridge-Workspace/backend/src/main/java/com/internbridge/backend/repository/StudentRepository.java:[14,14] cannot find symbol
  symbol:   class Student
  location: interface com.internbridge.backend.repository.StudentRepository
[ERROR] /C:/Users/user/OneDrive/Desktop/InternBridge-Workspace/backend/src/main/java/com/internbridge/backend/repository/StudentRepository.java:[16,10] cannot find symbol
  symbol:   class Student
  location: interface com.internbridge.backend.repository.StudentRepository
[ERROR] /C:/Users/user/OneDrive/Desktop/InternBridge-Workspace/backend/src/main/java/com/internbridge/backend/service/impl/ApplicationServiceImpl.java:[11,39] cannot find symbol
  symbol:   class Student
  location: package com.internbridge.backend.entity
[ERROR] /C:/Users/user/OneDrive/Desktop/InternBridge-Workspace/backend/src/main/java/com/internbridge/backend/service/impl/CompanyServiceImpl.java:[5,39] cannot find symbol
  symbol:   class Company
  location: package com.internbridge.backend.entity
[ERROR] /C:/Users/user/OneDrive/Desktop/InternBridge-Workspace/backend/src/main/java/com/internbridge/backend/service/impl/CompanyServiceImpl.java:[89,49] cannot find symbol
  symbol:   class Company
  location: class com.internbridge.backend.service.impl.CompanyServiceImpl
[ERROR] /C:/Users/user/OneDrive/Desktop/InternBridge-Workspace/backend/src/main/java/com/internbridge/backend/service/impl/InternshipServiceImpl.java:[5,39] cannot find symbol
  symbol:   class Company
  location: package com.internbridge.backend.entity
[ERROR] /C:/Users/user/OneDrive/Desktop/InternBridge-Workspace/backend/src/main/java/com/internbridge/backend/service/impl/LecturerServiceImpl.java:[6,39] cannot find symbol
  symbol:   class Lecturer
  location: package com.internbridge.backend.entity
[ERROR] /C:/Users/user/OneDrive/Desktop/InternBridge-Workspace/backend/src/main/java/com/internbridge/backend/service/impl/LecturerServiceImpl.java:[100,50] cannot find symbol
  symbol:   class Lecturer
  location: class com.internbridge.backend.service.impl.LecturerServiceImpl
[ERROR] /C:/Users/user/OneDrive/Desktop/InternBridge-Workspace/backend/src/main/java/com/internbridge/backend/service/impl/LogbookServiceImpl.java:[5,39] cannot find symbol
  symbol:   class Lecturer
  location: package com.internbridge.backend.entity
[ERROR] /C:/Users/user/OneDrive/Desktop/InternBridge-Workspace/backend/src/main/java/com/internbridge/backend/service/impl/LogbookServiceImpl.java:[11,39] cannot find symbol
  symbol:   class Student
  location: package com.internbridge.backend.entity
[ERROR] /C:/Users/user/OneDrive/Desktop/InternBridge-Workspace/backend/src/main/java/com/internbridge/backend/service/impl/StudentServiceImpl.java:[7,39] cannot find symbol
  symbol:   class Student
  location: package com.internbridge.backend.entity
[ERROR] /C:/Users/user/OneDrive/Desktop/InternBridge-Workspace/backend/src/main/java/com/internbridge/backend/service/impl/StudentServiceImpl.java:[117,49] cannot find symbol
  symbol:   class Student
  location: class com.internbridge.backend.service.impl.StudentServiceImpl
[INFO] 31 errors 
[INFO] -------------------------------------------------------------
[INFO] ------------------------------------------------------------------------
[INFO] BUILD FAILURE
[INFO] ------------------------------------------------------------------------
[INFO] Total time:  6.639 s
[INFO] Finished at: 2026-03-22T18:07:49+02:00
[INFO] ------------------------------------------------------------------------
[ERROR] Failed to execute goal org.apache.maven.plugins:maven-compiler-plugin:3.14.1:compile (default-compile) on project backend: Compilation failure: Compilation failure: 
[ERROR] /C:/Users/user/OneDrive/Desktop/InternBridge-Workspace/backend/src/main/java/com/internbridge/backend/entity/Application.java:[38,13] cannot find symbol
[ERROR]   symbol:   class Student
[ERROR]   location: class com.internbridge.backend.entity.Application
[ERROR] /C:/Users/user/OneDrive/Desktop/InternBridge-Workspace/backend/src/main/java/com/internbridge/backend/entity/Application.java:[38,21] cannot find symbol
[ERROR]   symbol:   class Student
[ERROR]   location: class com.internbridge.backend.entity.Application
[ERROR] /C:/Users/user/OneDrive/Desktop/InternBridge-Workspace/backend/src/main/java/com/internbridge/backend/entity/Application.java:[26,1] cannot find symbol
[ERROR]   symbol:   class Student
[ERROR]   location: class com.internbridge.backend.entity.Application
[ERROR] /C:/Users/user/OneDrive/Desktop/InternBridge-Workspace/backend/src/main/java/com/internbridge/backend/entity/Application.java:[28,1] cannot find symbol
[ERROR]   symbol:   class Student
[ERROR]   location: class com.internbridge.backend.entity.Application
[ERROR] /C:/Users/user/OneDrive/Desktop/InternBridge-Workspace/backend/src/main/java/com/internbridge/backend/entity/Application.java:[29,1] cannot find symbol
[ERROR]   symbol:   class Student
[ERROR]   location: class com.internbridge.backend.entity.Application.ApplicationBuilder
[ERROR] /C:/Users/user/OneDrive/Desktop/InternBridge-Workspace/backend/src/main/java/com/internbridge/backend/entity/Internship.java:[38,13] cannot find symbol
[ERROR]   symbol:   class Company
[ERROR]   location: class com.internbridge.backend.entity.Internship
[ERROR] /C:/Users/user/OneDrive/Desktop/InternBridge-Workspace/backend/src/main/java/com/internbridge/backend/entity/Internship.java:[38,21] cannot find symbol
[ERROR]   symbol:   class Company
[ERROR]   location: class com.internbridge.backend.entity.Internship
[ERROR] /C:/Users/user/OneDrive/Desktop/InternBridge-Workspace/backend/src/main/java/com/internbridge/backend/entity/Internship.java:[26,1] cannot find symbol
[ERROR]   symbol:   class Company
[ERROR]   location: class com.internbridge.backend.entity.Internship
[ERROR] /C:/Users/user/OneDrive/Desktop/InternBridge-Workspace/backend/src/main/java/com/internbridge/backend/entity/Internship.java:[28,1] cannot find symbol
[ERROR]   symbol:   class Company
[ERROR]   location: class com.internbridge.backend.entity.Internship
[ERROR] /C:/Users/user/OneDrive/Desktop/InternBridge-Workspace/backend/src/main/java/com/internbridge/backend/entity/Internship.java:[29,1] cannot find symbol
[ERROR]   symbol:   class Company
[ERROR]   location: class com.internbridge.backend.entity.Internship.InternshipBuilder
[ERROR] /C:/Users/user/OneDrive/Desktop/InternBridge-Workspace/backend/src/main/java/com/internbridge/backend/repository/CompanyRepository.java:[3,39] cannot find symbol
[ERROR]   symbol:   class Company
[ERROR]   location: package com.internbridge.backend.entity
[ERROR] /C:/Users/user/OneDrive/Desktop/InternBridge-Workspace/backend/src/main/java/com/internbridge/backend/repository/CompanyRepository.java:[11,58] cannot find symbol
[ERROR]   symbol: class Company
[ERROR] /C:/Users/user/OneDrive/Desktop/InternBridge-Workspace/backend/src/main/java/com/internbridge/backend/repository/CompanyRepository.java:[13,14] cannot find symbol
[ERROR]   symbol:   class Company
[ERROR]   location: interface com.internbridge.backend.repository.CompanyRepository
[ERROR] /C:/Users/user/OneDrive/Desktop/InternBridge-Workspace/backend/src/main/java/com/internbridge/backend/repository/LecturerRepository.java:[3,39] cannot find symbol
[ERROR]   symbol:   class Lecturer
[ERROR]   location: package com.internbridge.backend.entity
[ERROR] /C:/Users/user/OneDrive/Desktop/InternBridge-Workspace/backend/src/main/java/com/internbridge/backend/repository/LecturerRepository.java:[12,59] cannot find symbol
[ERROR]   symbol: class Lecturer
[ERROR] /C:/Users/user/OneDrive/Desktop/InternBridge-Workspace/backend/src/main/java/com/internbridge/backend/repository/LecturerRepository.java:[14,14] cannot find symbol
[ERROR]   symbol:   class Lecturer
[ERROR]   location: interface com.internbridge.backend.repository.LecturerRepository
[ERROR] /C:/Users/user/OneDrive/Desktop/InternBridge-Workspace/backend/src/main/java/com/internbridge/backend/repository/LecturerRepository.java:[16,10] cannot find symbol
[ERROR]   symbol:   class Lecturer
[ERROR]   location: interface com.internbridge.backend.repository.LecturerRepository
[ERROR] /C:/Users/user/OneDrive/Desktop/InternBridge-Workspace/backend/src/main/java/com/internbridge/backend/repository/StudentRepository.java:[3,39] cannot find symbol
[ERROR]   symbol:   class Student
[ERROR]   location: package com.internbridge.backend.entity
[ERROR] /C:/Users/user/OneDrive/Desktop/InternBridge-Workspace/backend/src/main/java/com/internbridge/backend/repository/StudentRepository.java:[12,58] cannot find symbol
[ERROR]   symbol: class Student
[ERROR] /C:/Users/user/OneDrive/Desktop/InternBridge-Workspace/backend/src/main/java/com/internbridge/backend/repository/StudentRepository.java:[14,14] cannot find symbol
[ERROR]   symbol:   class Student
[ERROR]   location: interface com.internbridge.backend.repository.StudentRepository
[ERROR] /C:/Users/user/OneDrive/Desktop/InternBridge-Workspace/backend/src/main/java/com/internbridge/backend/repository/StudentRepository.java:[16,10] cannot find symbol
[ERROR]   symbol:   class Student
[ERROR]   location: interface com.internbridge.backend.repository.StudentRepository
[ERROR] /C:/Users/user/OneDrive/Desktop/InternBridge-Workspace/backend/src/main/java/com/internbridge/backend/service/impl/ApplicationServiceImpl.java:[11,39] cannot find symbol
[ERROR]   symbol:   class Student
[ERROR]   location: package com.internbridge.backend.entity
[ERROR] /C:/Users/user/OneDrive/Desktop/InternBridge-Workspace/backend/src/main/java/com/internbridge/backend/service/impl/CompanyServiceImpl.java:[5,39] cannot find symbol
[ERROR]   symbol:   class Company
[ERROR]   location: package com.internbridge.backend.entity
[ERROR] /C:/Users/user/OneDrive/Desktop/InternBridge-Workspace/backend/src/main/java/com/internbridge/backend/service/impl/CompanyServiceImpl.java:[89,49] cannot find symbol
[ERROR]   symbol:   class Company
[ERROR]   location: class com.internbridge.backend.service.impl.CompanyServiceImpl
[ERROR] /C:/Users/user/OneDrive/Desktop/InternBridge-Workspace/backend/src/main/java/com/internbridge/backend/service/impl/InternshipServiceImpl.java:[5,39] cannot find symbol
[ERROR]   symbol:   class Company
[ERROR]   location: package com.internbridge.backend.entity
[ERROR] /C:/Users/user/OneDrive/Desktop/InternBridge-Workspace/backend/src/main/java/com/internbridge/backend/service/impl/LecturerServiceImpl.java:[6,39] cannot find symbol
[ERROR]   symbol:   class Lecturer
[ERROR]   location: package com.internbridge.backend.entity
[ERROR] /C:/Users/user/OneDrive/Desktop/InternBridge-Workspace/backend/src/main/java/com/internbridge/backend/service/impl/LecturerServiceImpl.java:[100,50] cannot find symbol
[ERROR]   symbol:   class Lecturer
[ERROR]   location: class com.internbridge.backend.service.impl.LecturerServiceImpl
[ERROR] /C:/Users/user/OneDrive/Desktop/InternBridge-Workspace/backend/src/main/java/com/internbridge/backend/service/impl/LogbookServiceImpl.java:[5,39] cannot find symbol
[ERROR]   symbol:   class Lecturer
[ERROR]   location: package com.internbridge.backend.entity
[ERROR] /C:/Users/user/OneDrive/Desktop/InternBridge-Workspace/backend/src/main/java/com/internbridge/backend/service/impl/LogbookServiceImpl.java:[11,39] cannot find symbol
[ERROR]   symbol:   class Student
[ERROR]   location: package com.internbridge.backend.entity
[ERROR] /C:/Users/user/OneDrive/Desktop/InternBridge-Workspace/backend/src/main/java/com/internbridge/backend/service/impl/StudentServiceImpl.java:[7,39] cannot find symbol
[ERROR]   symbol:   class Student
[ERROR]   location: package com.internbridge.backend.entity
[ERROR] /C:/Users/user/OneDrive/Desktop/InternBridge-Workspace/backend/src/main/java/com/internbridge/backend/service/impl/StudentServiceImpl.java:[117,49] cannot find symbol
[ERROR]   symbol:   class Student
[ERROR]   location: class com.internbridge.backend.service.impl.StudentServiceImpl
[ERROR] -> [Help 1]
[ERROR] 
[ERROR] To see the full stack trace of the errors, re-run Maven with the -e switch.
[ERROR] Re-run Maven using the -X switch to enable full debug logging.
[ERROR] 
[ERROR] For more information about the errors and possible solutions, please read the following articles:
[ERROR] [Help 1] http://cwiki.apache.org/confluence/display/MAVEN/MojoFailureException
